<html>
<body>
<pre>
<h1>µVision Build Log</h1>
<h2>Project:</h2>
C:\Users\Robert\Desktop\Final 473\Printf_UART_4C123\printf.uvproj
Project File Date:  04/09/2016

<h2>Output:</h2>
Rebuild target 'printf'
assembling startup.s...
compiling UART.c...
compiling main.c...
main.c(159): warning:  #1-D: last line of file ends without a newline
  }
main.c: 1 warning, 0 errors
linking...
Program Size: Code=1860 RO-data=32 RW-data=4 ZI-data=1028  
".\printf.axf" - 0 Error(s), 1 Warning(s).
Load "C:\\Users\\Robert\\Desktop\\Final 473\\Printf_UART_4C123\\printf.axf" 
Connecting: Mode=JTAG, Speed=1000000Hz
Erase Done.
Programming Done.
Verify OK.
</pre>
</body>
</html>
esktop\\Final 473\\Printf_UART_4C123\\printf.axf" 
Connecting: Mode=JTAG, Speed=1000000Hz
Erase Done.
Programming Done.
Verify OK.
